ImportError: No module named request
>>> from urllib import urlopen
>>> u = urlopen("http://www-cdn-twitch.saltybet.com:8000/socket.io/1/")
>>> response = u.readline()
>>> response
'u1tuOZOH13ttjtXQYjLq:60:60:websocket,htmlfile,xhr-polling,jsonp-polling'
>>> import websocket
>>> import thread
>>> import time
>>> 
>>> def on_message(ws, message):
...     print message
... 
>>> def on_error(ws, error):
...     print error
... 
>>> def on_close(ws):
...     print "[Closed]"
... 
>>> def on_open(ws):
...     print '[Connected]'
... 
>>> 
>>> if __name__ == "__main__":
...     ws = websocket.WebSocketApp("ws://www-cdn-twitch.saltybet.com:8000/socket.io/1/websocket/u1tuOZOH13ttjtXQYjLq", on_message = on_message, on_error = on_error, on_close = on_close)
...     ws.on_open = on_open
...     ws.run_forever()
... 
[Connected]
1::
3::
3::
3::
2::
3::
3::
Connectio